

================================================================
== Vitis HLS Report for 'fill_buffer'
================================================================
* Date:           Wed Aug 20 03:56:45 2025

* Version:        2024.1 (Build 5069499 on May 21 2024)
* Project:        myproject_prj
* Solution:       solution1 (Vivado IP Flow Target)
* Product family: kintexuplus
* Target device:  xcku5p-ffvb676-2-e


================================================================
== Performance Estimates
================================================================
+ Timing: 
    * Summary: 
    +--------+---------+----------+------------+
    |  Clock |  Target | Estimated| Uncertainty|
    +--------+---------+----------+------------+
    |ap_clk  |  5.00 ns|  3.368 ns|     0.62 ns|
    +--------+---------+----------+------------+

+ Latency: 
    * Summary: 
    +---------+---------+----------+----------+-----+-----+---------+
    |  Latency (cycles) |  Latency (absolute) |  Interval | Pipeline|
    |   min   |   max   |    min   |    max   | min | max |   Type  |
    +---------+---------+----------+----------+-----+-----+---------+
    |        0|        0|      0 ns|      0 ns|    1|    1|      yes|
    +---------+---------+----------+----------+-----+-----+---------+

    + Detail: 
        * Instance: 
        N/A

        * Loop: 
        N/A



================================================================
== Utilization Estimates
================================================================
* Summary: 
+-----------------+---------+------+--------+--------+-----+
|       Name      | BRAM_18K|  DSP |   FF   |   LUT  | URAM|
+-----------------+---------+------+--------+--------+-----+
|DSP              |        -|     -|       -|       -|    -|
|Expression       |        -|     -|       -|       -|    -|
|FIFO             |        -|     -|       -|       -|    -|
|Instance         |        -|     -|       -|       -|    -|
|Memory           |        -|     -|       -|       -|    -|
|Multiplexer      |        -|     -|       0|   31977|    -|
|Register         |        -|     -|       -|       -|    -|
+-----------------+---------+------+--------+--------+-----+
|Total            |        0|     0|       0|   31977|    0|
+-----------------+---------+------+--------+--------+-----+
|Available        |      960|  1824|  433920|  216960|   64|
+-----------------+---------+------+--------+--------+-----+
|Utilization (%)  |        0|     0|       0|      14|    0|
+-----------------+---------+------+--------+--------+-----+

+ Detail: 
    * Instance: 
    N/A

    * DSP: 
    N/A

    * Memory: 
    N/A

    * FIFO: 
    N/A

    * Expression: 
    N/A

    * Multiplexer: 
    +-------------------------------------------+-----+-----------+-----+-----------+
    |                    Name                   | LUT | Input Size| Bits| Total Bits|
    +-------------------------------------------+-----+-----------+-----+-----------+
    |ap_phi_mux_buffer_0_271_phi_fu_11685_p114  |  252|         58|    6|        348|
    |ap_phi_mux_buffer_0_275_phi_fu_7419_p84    |  196|         43|    6|        258|
    |ap_phi_mux_buffer_0_278_phi_fu_10371_p42   |  111|         22|    6|        132|
    |ap_phi_mux_buffer_0_279_phi_fu_10818_p46   |  121|         24|    6|        144|
    |ap_phi_mux_buffer_0_282_phi_fu_6531_p26    |   65|         14|    6|         84|
    |ap_phi_mux_buffer_0_284_phi_fu_5289_p8     |   26|          5|    6|         30|
    |ap_phi_mux_buffer_0_285_phi_fu_5418_p10    |   31|          6|    6|         36|
    |ap_phi_mux_buffer_0_286_phi_fu_12420_p58   |  145|         30|    6|        180|
    |ap_phi_mux_buffer_0_287_phi_fu_14466_p138  |  342|         70|    6|        420|
    |ap_phi_mux_buffer_0_288_phi_fu_13275_p106  |  239|         54|    6|        324|
    |ap_phi_mux_buffer_0_289_phi_fu_9519_p56    |  145|         29|    6|        174|
    |ap_phi_mux_buffer_0_290_phi_fu_5073_p8     |   26|          5|    6|         30|
    |ap_phi_mux_buffer_0_291_phi_fu_9960_p38    |  101|         20|    6|        120|
    |ap_phi_mux_buffer_0_292_phi_fu_6009_p14    |   43|          8|    6|         48|
    |ap_phi_mux_buffer_0_293_phi_fu_6252_p26    |   65|         14|    6|         84|
    |ap_phi_mux_buffer_0_294_phi_fu_6798_p24    |   65|         13|    6|         78|
    |ap_phi_mux_buffer_0_295_phi_fu_8664_p158   |  423|         80|    6|        480|
    |ap_phi_mux_buffer_0_296_phi_fu_15693_p128  |  284|         65|    6|        390|
    |ap_phi_mux_buffer_0_297_phi_fu_5661_p28    |   65|         15|    6|         90|
    |ap_phi_mux_buffer_1_271_phi_fu_11328_p114  |  252|         58|    6|        348|
    |ap_phi_mux_buffer_1_275_phi_fu_7152_p84    |  196|         43|    6|        258|
    |ap_phi_mux_buffer_1_278_phi_fu_10230_p42   |  111|         22|    6|        132|
    |ap_phi_mux_buffer_1_279_phi_fu_10665_p46   |  121|         24|    6|        144|
    |ap_phi_mux_buffer_1_282_phi_fu_6438_p26    |   65|         14|    6|         84|
    |ap_phi_mux_buffer_1_284_phi_fu_5250_p8     |   26|          5|    6|         30|
    |ap_phi_mux_buffer_1_285_phi_fu_5373_p10    |   31|          6|    6|         36|
    |ap_phi_mux_buffer_1_286_phi_fu_12231_p58   |  145|         30|    6|        180|
    |ap_phi_mux_buffer_1_287_phi_fu_14037_p138  |  342|         70|    6|        420|
    |ap_phi_mux_buffer_1_288_phi_fu_12942_p106  |  239|         54|    6|        324|
    |ap_phi_mux_buffer_1_289_phi_fu_9336_p56    |  145|         29|    6|        174|
    |ap_phi_mux_buffer_1_290_phi_fu_5034_p8     |   26|          5|    6|         30|
    |ap_phi_mux_buffer_1_291_phi_fu_9831_p38    |  101|         20|    6|        120|
    |ap_phi_mux_buffer_1_292_phi_fu_5952_p14    |   43|          8|    6|         48|
    |ap_phi_mux_buffer_1_293_phi_fu_6159_p26    |   65|         14|    6|         84|
    |ap_phi_mux_buffer_1_294_phi_fu_6711_p24    |   65|         13|    6|         78|
    |ap_phi_mux_buffer_1_295_phi_fu_8175_p158   |  423|         80|    6|        480|
    |ap_phi_mux_buffer_1_296_phi_fu_15294_p128  |  284|         65|    6|        390|
    |ap_phi_mux_buffer_1_297_phi_fu_5562_p28    |   65|         15|    6|         90|
    |ap_phi_mux_buffer_2_271_phi_fu_10971_p114  |  252|         58|    6|        348|
    |ap_phi_mux_buffer_2_275_phi_fu_6885_p84    |  196|         43|    6|        258|
    |ap_phi_mux_buffer_2_278_phi_fu_10089_p42   |  111|         22|    6|        132|
    |ap_phi_mux_buffer_2_279_phi_fu_10512_p46   |  121|         24|    6|        144|
    |ap_phi_mux_buffer_2_282_phi_fu_6345_p26    |   65|         14|    6|         84|
    |ap_phi_mux_buffer_2_284_phi_fu_5211_p8     |   26|          5|    6|         30|
    |ap_phi_mux_buffer_2_285_phi_fu_5328_p10    |   31|          6|    6|         36|
    |ap_phi_mux_buffer_2_286_phi_fu_12042_p58   |  145|         30|    6|        180|
    |ap_phi_mux_buffer_2_287_phi_fu_13608_p138  |  342|         70|    6|        420|
    |ap_phi_mux_buffer_2_288_phi_fu_12609_p106  |  239|         54|    6|        324|
    |ap_phi_mux_buffer_2_289_phi_fu_9153_p56    |  145|         29|    6|        174|
    |ap_phi_mux_buffer_2_290_phi_fu_4995_p8     |   26|          5|    6|         30|
    |ap_phi_mux_buffer_2_291_phi_fu_9702_p38    |  101|         20|    6|        120|
    |ap_phi_mux_buffer_2_292_phi_fu_5895_p14    |   43|          8|    6|         48|
    |ap_phi_mux_buffer_2_293_phi_fu_6066_p26    |   65|         14|    6|         84|
    |ap_phi_mux_buffer_2_294_phi_fu_6624_p24    |   65|         13|    6|         78|
    |ap_phi_mux_buffer_2_295_phi_fu_7686_p158   |  423|         80|    6|        480|
    |ap_phi_mux_buffer_2_296_phi_fu_14895_p128  |  284|         65|    6|        390|
    |ap_phi_mux_buffer_2_297_phi_fu_5463_p28    |   65|         15|    6|         90|
    |ap_phi_mux_buffer_3_271_phi_fu_11090_p114  |  252|         58|    6|        348|
    |ap_phi_mux_buffer_3_275_phi_fu_6974_p84    |  196|         43|    6|        258|
    |ap_phi_mux_buffer_3_278_phi_fu_10136_p42   |  111|         22|    6|        132|
    |ap_phi_mux_buffer_3_279_phi_fu_10563_p46   |  121|         24|    6|        144|
    |ap_phi_mux_buffer_3_282_phi_fu_6376_p26    |   65|         14|    6|         84|
    |ap_phi_mux_buffer_3_284_phi_fu_5224_p8     |   26|          5|    6|         30|
    |ap_phi_mux_buffer_3_285_phi_fu_5343_p10    |   31|          6|    6|         36|
    |ap_phi_mux_buffer_3_286_phi_fu_12105_p58   |  145|         30|    6|        180|
    |ap_phi_mux_buffer_3_287_phi_fu_13751_p138  |  342|         70|    6|        420|
    |ap_phi_mux_buffer_3_288_phi_fu_12720_p106  |  239|         54|    6|        324|
    |ap_phi_mux_buffer_3_289_phi_fu_9214_p56    |  145|         29|    6|        174|
    |ap_phi_mux_buffer_3_290_phi_fu_5008_p8     |   26|          5|    6|         30|
    |ap_phi_mux_buffer_3_291_phi_fu_9745_p38    |  101|         20|    6|        120|
    |ap_phi_mux_buffer_3_292_phi_fu_5914_p14    |   43|          8|    6|         48|
    |ap_phi_mux_buffer_3_293_phi_fu_6097_p26    |   65|         14|    6|         84|
    |ap_phi_mux_buffer_3_294_phi_fu_6653_p24    |   65|         13|    6|         78|
    |ap_phi_mux_buffer_3_295_phi_fu_7849_p158   |  423|         80|    6|        480|
    |ap_phi_mux_buffer_3_296_phi_fu_15028_p128  |  284|         65|    6|        390|
    |ap_phi_mux_buffer_3_297_phi_fu_5496_p28    |   65|         15|    6|         90|
    |ap_phi_mux_buffer_4_271_phi_fu_11209_p114  |  252|         58|    6|        348|
    |ap_phi_mux_buffer_4_275_phi_fu_7063_p84    |  196|         43|    6|        258|
    |ap_phi_mux_buffer_4_278_phi_fu_10183_p42   |  111|         22|    6|        132|
    |ap_phi_mux_buffer_4_279_phi_fu_10614_p46   |  121|         24|    6|        144|
    |ap_phi_mux_buffer_4_282_phi_fu_6407_p26    |   65|         14|    6|         84|
    |ap_phi_mux_buffer_4_284_phi_fu_5237_p8     |   26|          5|    6|         30|
    |ap_phi_mux_buffer_4_285_phi_fu_5358_p10    |   31|          6|    6|         36|
    |ap_phi_mux_buffer_4_286_phi_fu_12168_p58   |  145|         30|    6|        180|
    |ap_phi_mux_buffer_4_287_phi_fu_13894_p138  |  342|         70|    6|        420|
    |ap_phi_mux_buffer_4_288_phi_fu_12831_p106  |  239|         54|    6|        324|
    |ap_phi_mux_buffer_4_289_phi_fu_9275_p56    |  145|         29|    6|        174|
    |ap_phi_mux_buffer_4_290_phi_fu_5021_p8     |   26|          5|    6|         30|
    |ap_phi_mux_buffer_4_291_phi_fu_9788_p38    |  101|         20|    6|        120|
    |ap_phi_mux_buffer_4_292_phi_fu_5933_p14    |   43|          8|    6|         48|
    |ap_phi_mux_buffer_4_293_phi_fu_6128_p26    |   65|         14|    6|         84|
    |ap_phi_mux_buffer_4_294_phi_fu_6682_p24    |   65|         13|    6|         78|
    |ap_phi_mux_buffer_4_295_phi_fu_8012_p158   |  423|         80|    6|        480|
    |ap_phi_mux_buffer_4_296_phi_fu_15161_p128  |  284|         65|    6|        390|
    |ap_phi_mux_buffer_4_297_phi_fu_5529_p28    |   65|         15|    6|         90|
    |ap_phi_mux_buffer_5_271_phi_fu_11447_p114  |  252|         58|    6|        348|
    |ap_phi_mux_buffer_5_275_phi_fu_7241_p84    |  196|         43|    6|        258|
    |ap_phi_mux_buffer_5_278_phi_fu_10277_p42   |  111|         22|    6|        132|
    |ap_phi_mux_buffer_5_279_phi_fu_10716_p46   |  121|         24|    6|        144|
    |ap_phi_mux_buffer_5_282_phi_fu_6469_p26    |   65|         14|    6|         84|
    |ap_phi_mux_buffer_5_284_phi_fu_5263_p8     |   26|          5|    6|         30|
    |ap_phi_mux_buffer_5_285_phi_fu_5388_p10    |   31|          6|    6|         36|
    |ap_phi_mux_buffer_5_286_phi_fu_12294_p58   |  145|         30|    6|        180|
    |ap_phi_mux_buffer_5_287_phi_fu_14180_p138  |  342|         70|    6|        420|
    |ap_phi_mux_buffer_5_288_phi_fu_13053_p106  |  239|         54|    6|        324|
    |ap_phi_mux_buffer_5_289_phi_fu_9397_p56    |  145|         29|    6|        174|
    |ap_phi_mux_buffer_5_290_phi_fu_5047_p8     |   26|          5|    6|         30|
    |ap_phi_mux_buffer_5_291_phi_fu_9874_p38    |  101|         20|    6|        120|
    |ap_phi_mux_buffer_5_292_phi_fu_5971_p14    |   43|          8|    6|         48|
    |ap_phi_mux_buffer_5_293_phi_fu_6190_p26    |   65|         14|    6|         84|
    |ap_phi_mux_buffer_5_294_phi_fu_6740_p24    |   65|         13|    6|         78|
    |ap_phi_mux_buffer_5_295_phi_fu_8338_p158   |  423|         80|    6|        480|
    |ap_phi_mux_buffer_5_296_phi_fu_15427_p128  |  284|         65|    6|        390|
    |ap_phi_mux_buffer_5_297_phi_fu_5595_p28    |   65|         15|    6|         90|
    |ap_phi_mux_buffer_6_271_phi_fu_11566_p114  |  252|         58|    6|        348|
    |ap_phi_mux_buffer_6_275_phi_fu_7330_p84    |  196|         43|    6|        258|
    |ap_phi_mux_buffer_6_278_phi_fu_10324_p42   |  111|         22|    6|        132|
    |ap_phi_mux_buffer_6_279_phi_fu_10767_p46   |  121|         24|    6|        144|
    |ap_phi_mux_buffer_6_282_phi_fu_6500_p26    |   65|         14|    6|         84|
    |ap_phi_mux_buffer_6_284_phi_fu_5276_p8     |   26|          5|    6|         30|
    |ap_phi_mux_buffer_6_285_phi_fu_5403_p10    |   31|          6|    6|         36|
    |ap_phi_mux_buffer_6_286_phi_fu_12357_p58   |  145|         30|    6|        180|
    |ap_phi_mux_buffer_6_287_phi_fu_14323_p138  |  342|         70|    6|        420|
    |ap_phi_mux_buffer_6_288_phi_fu_13164_p106  |  239|         54|    6|        324|
    |ap_phi_mux_buffer_6_289_phi_fu_9458_p56    |  145|         29|    6|        174|
    |ap_phi_mux_buffer_6_290_phi_fu_5060_p8     |   26|          5|    6|         30|
    |ap_phi_mux_buffer_6_291_phi_fu_9917_p38    |  101|         20|    6|        120|
    |ap_phi_mux_buffer_6_292_phi_fu_5990_p14    |   43|          8|    6|         48|
    |ap_phi_mux_buffer_6_293_phi_fu_6221_p26    |   65|         14|    6|         84|
    |ap_phi_mux_buffer_6_294_phi_fu_6769_p24    |   65|         13|    6|         78|
    |ap_phi_mux_buffer_6_295_phi_fu_8501_p158   |  423|         80|    6|        480|
    |ap_phi_mux_buffer_6_296_phi_fu_15560_p128  |  284|         65|    6|        390|
    |ap_phi_mux_buffer_6_297_phi_fu_5628_p28    |   65|         15|    6|         90|
    |ap_phi_mux_buffer_7_271_phi_fu_11804_p114  |  252|         58|    6|        348|
    |ap_phi_mux_buffer_7_275_phi_fu_7508_p84    |  196|         43|    6|        258|
    |ap_phi_mux_buffer_7_278_phi_fu_10418_p42   |  111|         22|    6|        132|
    |ap_phi_mux_buffer_7_279_phi_fu_10869_p46   |  121|         24|    6|        144|
    |ap_phi_mux_buffer_7_282_phi_fu_6562_p26    |   65|         14|    6|         84|
    |ap_phi_mux_buffer_7_284_phi_fu_5302_p8     |   26|          5|    6|         30|
    |ap_phi_mux_buffer_7_285_phi_fu_5433_p10    |   31|          6|    6|         36|
    |ap_phi_mux_buffer_7_286_phi_fu_12483_p58   |  145|         30|    6|        180|
    |ap_phi_mux_buffer_7_287_phi_fu_14609_p138  |  342|         70|    6|        420|
    |ap_phi_mux_buffer_7_288_phi_fu_13386_p106  |  239|         54|    6|        324|
    |ap_phi_mux_buffer_7_289_phi_fu_9580_p56    |  145|         29|    6|        174|
    |ap_phi_mux_buffer_7_290_phi_fu_5086_p8     |   26|          5|    6|         30|
    |ap_phi_mux_buffer_7_291_phi_fu_10003_p38   |  101|         20|    6|        120|
    |ap_phi_mux_buffer_7_292_phi_fu_6028_p14    |   43|          8|    6|         48|
    |ap_phi_mux_buffer_7_293_phi_fu_6283_p26    |   65|         14|    6|         84|
    |ap_phi_mux_buffer_7_294_phi_fu_6827_p24    |   65|         13|    6|         78|
    |ap_phi_mux_buffer_7_295_phi_fu_8827_p158   |  423|         80|    6|        480|
    |ap_phi_mux_buffer_7_296_phi_fu_15826_p128  |  284|         65|    6|        390|
    |ap_phi_mux_buffer_7_297_phi_fu_5694_p28    |   65|         15|    6|         90|
    |ap_phi_mux_buffer_8_271_phi_fu_11923_p114  |  252|         58|    6|        348|
    |ap_phi_mux_buffer_8_275_phi_fu_7597_p84    |  196|         43|    6|        258|
    |ap_phi_mux_buffer_8_278_phi_fu_10465_p42   |  111|         22|    6|        132|
    |ap_phi_mux_buffer_8_279_phi_fu_10920_p46   |  121|         24|    6|        144|
    |ap_phi_mux_buffer_8_282_phi_fu_6593_p26    |   65|         14|    6|         84|
    |ap_phi_mux_buffer_8_284_phi_fu_5315_p8     |   26|          5|    6|         30|
    |ap_phi_mux_buffer_8_285_phi_fu_5448_p10    |   31|          6|    6|         36|
    |ap_phi_mux_buffer_8_286_phi_fu_12546_p58   |  145|         30|    6|        180|
    |ap_phi_mux_buffer_8_287_phi_fu_14752_p138  |  342|         70|    6|        420|
    |ap_phi_mux_buffer_8_288_phi_fu_13497_p106  |  239|         54|    6|        324|
    |ap_phi_mux_buffer_8_289_phi_fu_9641_p56    |  145|         29|    6|        174|
    |ap_phi_mux_buffer_8_290_phi_fu_5099_p8     |   26|          5|    6|         30|
    |ap_phi_mux_buffer_8_291_phi_fu_10046_p38   |  101|         20|    6|        120|
    |ap_phi_mux_buffer_8_292_phi_fu_6047_p14    |   43|          8|    6|         48|
    |ap_phi_mux_buffer_8_293_phi_fu_6314_p26    |   65|         14|    6|         84|
    |ap_phi_mux_buffer_8_294_phi_fu_6856_p24    |   65|         13|    6|         78|
    |ap_phi_mux_buffer_8_295_phi_fu_8990_p158   |  423|         80|    6|        480|
    |ap_phi_mux_buffer_8_296_phi_fu_15959_p128  |  284|         65|    6|        390|
    |ap_phi_mux_buffer_8_297_phi_fu_5727_p28    |   65|         15|    6|         90|
    |ap_phi_mux_phi_ln2741_1_phi_fu_16378_p254  |  673|        128|    6|        768|
    |ap_phi_mux_phi_ln2741_2_phi_fu_16664_p254  |  673|        128|    6|        768|
    |ap_phi_mux_phi_ln2741_3_phi_fu_16950_p254  |  673|        128|    6|        768|
    |ap_phi_mux_phi_ln2741_4_phi_fu_17236_p254  |  673|        128|    6|        768|
    |ap_phi_mux_phi_ln2741_5_phi_fu_17522_p254  |  673|        128|    6|        768|
    |ap_phi_mux_phi_ln2741_6_phi_fu_17808_p254  |  673|        128|    6|        768|
    |ap_phi_mux_phi_ln2741_7_phi_fu_18094_p254  |  673|        128|    6|        768|
    |ap_phi_mux_phi_ln2741_8_phi_fu_18380_p254  |  673|        128|    6|        768|
    |ap_phi_mux_phi_ln2741_phi_fu_16092_p254    |  673|        128|    6|        768|
    |ap_phi_mux_storemerge10_phi_fu_4986_p4     |   14|          3|    6|         18|
    |ap_phi_mux_storemerge1112_phi_fu_4509_p4   |   14|          3|    6|         18|
    |ap_phi_mux_storemerge1113_phi_fu_4590_p4   |   14|          3|    6|         18|
    |ap_phi_mux_storemerge1114_phi_fu_4671_p4   |   14|          3|    6|         18|
    |ap_phi_mux_storemerge1115_phi_fu_4752_p4   |   14|          3|    6|         18|
    |ap_phi_mux_storemerge1116_phi_fu_4833_p4   |   14|          3|    6|         18|
    |ap_phi_mux_storemerge1117_phi_fu_4914_p4   |   14|          3|    6|         18|
    |ap_phi_mux_storemerge1122_phi_fu_5112_p6   |   20|          4|    6|         24|
    |ap_phi_mux_storemerge1144_phi_fu_5760_p10  |   31|          6|    6|         36|
    |ap_phi_mux_storemerge12_phi_fu_4977_p4     |   14|          3|    6|         18|
    |ap_phi_mux_storemerge18_phi_fu_5200_p6     |   20|          4|    6|         24|
    |ap_phi_mux_storemerge1_phi_fu_4572_p4      |   14|          3|    6|         18|
    |ap_phi_mux_storemerge21_phi_fu_5189_p6     |   20|          4|    6|         24|
    |ap_phi_mux_storemerge278_phi_fu_4563_p4    |   14|          3|    6|         18|
    |ap_phi_mux_storemerge279_phi_fu_4554_p4    |   14|          3|    6|         18|
    |ap_phi_mux_storemerge280_phi_fu_4644_p4    |   14|          3|    6|         18|
    |ap_phi_mux_storemerge281_phi_fu_4635_p4    |   14|          3|    6|         18|
    |ap_phi_mux_storemerge282_phi_fu_4725_p4    |   14|          3|    6|         18|
    |ap_phi_mux_storemerge283_phi_fu_4716_p4    |   14|          3|    6|         18|
    |ap_phi_mux_storemerge284_phi_fu_4806_p4    |   14|          3|    6|         18|
    |ap_phi_mux_storemerge285_phi_fu_4797_p4    |   14|          3|    6|         18|
    |ap_phi_mux_storemerge286_phi_fu_4887_p4    |   14|          3|    6|         18|
    |ap_phi_mux_storemerge287_phi_fu_4878_p4    |   14|          3|    6|         18|
    |ap_phi_mux_storemerge288_phi_fu_4968_p4    |   14|          3|    6|         18|
    |ap_phi_mux_storemerge290_phi_fu_4959_p4    |   14|          3|    6|         18|
    |ap_phi_mux_storemerge296_phi_fu_5178_p6    |   20|          4|    6|         24|
    |ap_phi_mux_storemerge299_phi_fu_5167_p6    |   20|          4|    6|         24|
    |ap_phi_mux_storemerge2_phi_fu_4662_p4      |   14|          3|    6|         18|
    |ap_phi_mux_storemerge339_phi_fu_5850_p10   |   31|          6|    6|         36|
    |ap_phi_mux_storemerge343_phi_fu_5835_p10   |   31|          6|    6|         36|
    |ap_phi_mux_storemerge3_phi_fu_4653_p4      |   14|          3|    6|         18|
    |ap_phi_mux_storemerge4_phi_fu_4743_p4      |   14|          3|    6|         18|
    |ap_phi_mux_storemerge556_phi_fu_4545_p4    |   14|          3|    6|         18|
    |ap_phi_mux_storemerge557_phi_fu_4536_p4    |   14|          3|    6|         18|
    |ap_phi_mux_storemerge558_phi_fu_4626_p4    |   14|          3|    6|         18|
    |ap_phi_mux_storemerge559_phi_fu_4617_p4    |   14|          3|    6|         18|
    |ap_phi_mux_storemerge560_phi_fu_4707_p4    |   14|          3|    6|         18|
    |ap_phi_mux_storemerge561_phi_fu_4698_p4    |   14|          3|    6|         18|
    |ap_phi_mux_storemerge562_phi_fu_4788_p4    |   14|          3|    6|         18|
    |ap_phi_mux_storemerge563_phi_fu_4779_p4    |   14|          3|    6|         18|
    |ap_phi_mux_storemerge564_phi_fu_4869_p4    |   14|          3|    6|         18|
    |ap_phi_mux_storemerge565_phi_fu_4860_p4    |   14|          3|    6|         18|
    |ap_phi_mux_storemerge566_phi_fu_4950_p4    |   14|          3|    6|         18|
    |ap_phi_mux_storemerge568_phi_fu_4941_p4    |   14|          3|    6|         18|
    |ap_phi_mux_storemerge574_phi_fu_5156_p6    |   20|          4|    6|         24|
    |ap_phi_mux_storemerge577_phi_fu_5145_p6    |   20|          4|    6|         24|
    |ap_phi_mux_storemerge5_phi_fu_4734_p4      |   14|          3|    6|         18|
    |ap_phi_mux_storemerge617_phi_fu_5820_p10   |   31|          6|    6|         36|
    |ap_phi_mux_storemerge61_phi_fu_5880_p10    |   31|          6|    6|         36|
    |ap_phi_mux_storemerge621_phi_fu_5805_p10   |   31|          6|    6|         36|
    |ap_phi_mux_storemerge65_phi_fu_5865_p10    |   31|          6|    6|         36|
    |ap_phi_mux_storemerge6_phi_fu_4824_p4      |   14|          3|    6|         18|
    |ap_phi_mux_storemerge7_phi_fu_4815_p4      |   14|          3|    6|         18|
    |ap_phi_mux_storemerge834_phi_fu_4527_p4    |   14|          3|    6|         18|
    |ap_phi_mux_storemerge835_phi_fu_4518_p4    |   14|          3|    6|         18|
    |ap_phi_mux_storemerge836_phi_fu_4608_p4    |   14|          3|    6|         18|
    |ap_phi_mux_storemerge837_phi_fu_4599_p4    |   14|          3|    6|         18|
    |ap_phi_mux_storemerge838_phi_fu_4689_p4    |   14|          3|    6|         18|
    |ap_phi_mux_storemerge839_phi_fu_4680_p4    |   14|          3|    6|         18|
    |ap_phi_mux_storemerge840_phi_fu_4770_p4    |   14|          3|    6|         18|
    |ap_phi_mux_storemerge841_phi_fu_4761_p4    |   14|          3|    6|         18|
    |ap_phi_mux_storemerge842_phi_fu_4851_p4    |   14|          3|    6|         18|
    |ap_phi_mux_storemerge843_phi_fu_4842_p4    |   14|          3|    6|         18|
    |ap_phi_mux_storemerge844_phi_fu_4932_p4    |   14|          3|    6|         18|
    |ap_phi_mux_storemerge846_phi_fu_4923_p4    |   14|          3|    6|         18|
    |ap_phi_mux_storemerge852_phi_fu_5134_p6    |   20|          4|    6|         24|
    |ap_phi_mux_storemerge855_phi_fu_5123_p6    |   20|          4|    6|         24|
    |ap_phi_mux_storemerge895_phi_fu_5790_p10   |   31|          6|    6|         36|
    |ap_phi_mux_storemerge899_phi_fu_5775_p10   |   31|          6|    6|         36|
    |ap_phi_mux_storemerge8_phi_fu_4905_p4      |   14|          3|    6|         18|
    |ap_phi_mux_storemerge9_phi_fu_4896_p4      |   14|          3|    6|         18|
    |ap_phi_mux_storemerge_phi_fu_4581_p4       |   14|          3|    6|         18|
    +-------------------------------------------+-----+-----------+-----+-----------+
    |Total                                      |31977|       6579| 1512|      39474|
    +-------------------------------------------+-----+-----------+-----+-----------+

    * Register: 
    N/A



================================================================
== Interface
================================================================
* Summary: 
+-------------+-----+------+------------+--------------+--------------+
|  RTL Ports  | Dir | Bits |  Protocol  | Source Object|    C Type    |
+-------------+-----+------+------------+--------------+--------------+
|ap_ready     |  out|     1|  ap_ctrl_hs|   fill_buffer|  return value|
|ap_return_0  |  out|     6|  ap_ctrl_hs|   fill_buffer|  return value|
|ap_return_1  |  out|     6|  ap_ctrl_hs|   fill_buffer|  return value|
|ap_return_2  |  out|     6|  ap_ctrl_hs|   fill_buffer|  return value|
|ap_return_3  |  out|     6|  ap_ctrl_hs|   fill_buffer|  return value|
|ap_return_4  |  out|     6|  ap_ctrl_hs|   fill_buffer|  return value|
|ap_return_5  |  out|     6|  ap_ctrl_hs|   fill_buffer|  return value|
|ap_return_6  |  out|     6|  ap_ctrl_hs|   fill_buffer|  return value|
|ap_return_7  |  out|     6|  ap_ctrl_hs|   fill_buffer|  return value|
|ap_return_8  |  out|     6|  ap_ctrl_hs|   fill_buffer|  return value|
|ap_rst       |   in|     1|  ap_ctrl_hs|   fill_buffer|  return value|
|data_val     |   in|  4704|     ap_none|      data_val|        scalar|
|partition    |   in|    10|     ap_none|     partition|        scalar|
+-------------+-----+------+------------+--------------+--------------+

