

================================================================
== Vitis HLS Report for 'softmax_stable_ap_fixed_ap_fixed_6_2_5_3_0_softmax_config6_s'
================================================================
* Date:           Wed Aug 20 04:08:31 2025

* Version:        2024.1 (Build 5069499 on May 21 2024)
* Project:        myproject_prj
* Solution:       solution1 (Vivado IP Flow Target)
* Product family: kintexuplus
* Target device:  xcku5p-ffvb676-2-e


================================================================
== Performance Estimates
================================================================
+ Timing: 
    * Summary: 
    +--------+---------+----------+------------+
    |  Clock |  Target | Estimated| Uncertainty|
    +--------+---------+----------+------------+
    |ap_clk  |  5.00 ns|  1.838 ns|     0.62 ns|
    +--------+---------+----------+------------+

+ Latency: 
    * Summary: 
    +---------+---------+----------+----------+-----+-----+---------+
    |  Latency (cycles) |  Latency (absolute) |  Interval | Pipeline|
    |   min   |   max   |    min   |    max   | min | max |   Type  |
    +---------+---------+----------+----------+-----+-----+---------+
    |        0|        0|      0 ns|      0 ns|    1|    1|      yes|
    +---------+---------+----------+----------+-----+-----+---------+

    + Detail: 
        * Instance: 
        N/A

        * Loop: 
        N/A



================================================================
== Utilization Estimates
================================================================
* Summary: 
+-----------------+---------+------+--------+--------+-----+
|       Name      | BRAM_18K|  DSP |   FF   |   LUT  | URAM|
+-----------------+---------+------+--------+--------+-----+
|DSP              |        -|     -|       -|       -|    -|
|Expression       |        -|     -|       0|       2|    -|
|FIFO             |        -|     -|       -|       -|    -|
|Instance         |        -|     -|       -|       -|    -|
|Memory           |        -|     -|       -|       -|    -|
|Multiplexer      |        -|     -|       0|       9|    -|
|Register         |        -|     -|       2|       -|    -|
+-----------------+---------+------+--------+--------+-----+
|Total            |        0|     0|       2|      11|    0|
+-----------------+---------+------+--------+--------+-----+
|Available        |      960|  1824|  433920|  216960|   64|
+-----------------+---------+------+--------+--------+-----+
|Utilization (%)  |        0|     0|      ~0|      ~0|    0|
+-----------------+---------+------+--------+--------+-----+

+ Detail: 
    * Instance: 
    N/A

    * DSP: 
    N/A

    * Memory: 
    N/A

    * FIFO: 
    N/A

    * Expression: 
    +-----------------+----------+----+---+----+------------+------------+
    |  Variable Name  | Operation| DSP| FF| LUT| Bitwidth P0| Bitwidth P1|
    +-----------------+----------+----+---+----+------------+------------+
    |ap_block_state1  |        or|   0|  0|   2|           1|           1|
    +-----------------+----------+----+---+----+------------+------------+
    |Total            |          |   0|  0|   2|           1|           1|
    +-----------------+----------+----+---+----+------------+------------+

    * Multiplexer: 
    +---------+----+-----------+-----+-----------+
    |   Name  | LUT| Input Size| Bits| Total Bits|
    +---------+----+-----------+-----+-----------+
    |ap_done  |   9|          2|    1|          2|
    +---------+----+-----------+-----+-----------+
    |Total    |   9|          2|    1|          2|
    +---------+----+-----------+-----+-----------+

    * Register: 
    +-------------+---+----+-----+-----------+
    |     Name    | FF| LUT| Bits| Const Bits|
    +-------------+---+----+-----+-----------+
    |ap_CS_fsm    |  1|   0|    1|          0|
    |ap_done_reg  |  1|   0|    1|          0|
    +-------------+---+----+-----+-----------+
    |Total        |  2|   0|    2|          0|
    +-------------+---+----+-----+-----------+



================================================================
== Interface
================================================================
* Summary: 
+---------------------+-----+-----+------------+--------------------------------------------------------------+--------------+
|      RTL Ports      | Dir | Bits|  Protocol  |                         Source Object                        |    C Type    |
+---------------------+-----+-----+------------+--------------------------------------------------------------+--------------+
|ap_clk               |   in|    1|  ap_ctrl_hs|  softmax_stable<ap_fixed,ap_fixed<6,2,5,3,0>,softmax_config6>|  return value|
|ap_rst               |   in|    1|  ap_ctrl_hs|  softmax_stable<ap_fixed,ap_fixed<6,2,5,3,0>,softmax_config6>|  return value|
|ap_start             |   in|    1|  ap_ctrl_hs|  softmax_stable<ap_fixed,ap_fixed<6,2,5,3,0>,softmax_config6>|  return value|
|ap_done              |  out|    1|  ap_ctrl_hs|  softmax_stable<ap_fixed,ap_fixed<6,2,5,3,0>,softmax_config6>|  return value|
|ap_continue          |   in|    1|  ap_ctrl_hs|  softmax_stable<ap_fixed,ap_fixed<6,2,5,3,0>,softmax_config6>|  return value|
|ap_ce                |   in|    1|  ap_ctrl_hs|  softmax_stable<ap_fixed,ap_fixed<6,2,5,3,0>,softmax_config6>|  return value|
|ap_idle              |  out|    1|  ap_ctrl_hs|  softmax_stable<ap_fixed,ap_fixed<6,2,5,3,0>,softmax_config6>|  return value|
|ap_ready             |  out|    1|  ap_ctrl_hs|  softmax_stable<ap_fixed,ap_fixed<6,2,5,3,0>,softmax_config6>|  return value|
|p_read               |   in|    6|     ap_none|                                                        p_read|        scalar|
|p_read1              |   in|    6|     ap_none|                                                       p_read1|        scalar|
|p_read2              |   in|    6|     ap_none|                                                       p_read2|        scalar|
|p_read3              |   in|    6|     ap_none|                                                       p_read3|        scalar|
|p_read4              |   in|    6|     ap_none|                                                       p_read4|        scalar|
|p_read5              |   in|    6|     ap_none|                                                       p_read5|        scalar|
|p_read6              |   in|    6|     ap_none|                                                       p_read6|        scalar|
|p_read7              |   in|    6|     ap_none|                                                       p_read7|        scalar|
|p_read8              |   in|    6|     ap_none|                                                       p_read8|        scalar|
|p_read9              |   in|    6|     ap_none|                                                       p_read9|        scalar|
|layer6_out_0         |  out|    6|      ap_vld|                                                  layer6_out_0|       pointer|
|layer6_out_0_ap_vld  |  out|    1|      ap_vld|                                                  layer6_out_0|       pointer|
|layer6_out_1         |  out|    6|      ap_vld|                                                  layer6_out_1|       pointer|
|layer6_out_1_ap_vld  |  out|    1|      ap_vld|                                                  layer6_out_1|       pointer|
|layer6_out_2         |  out|    6|      ap_vld|                                                  layer6_out_2|       pointer|
|layer6_out_2_ap_vld  |  out|    1|      ap_vld|                                                  layer6_out_2|       pointer|
|layer6_out_3         |  out|    6|      ap_vld|                                                  layer6_out_3|       pointer|
|layer6_out_3_ap_vld  |  out|    1|      ap_vld|                                                  layer6_out_3|       pointer|
|layer6_out_4         |  out|    6|      ap_vld|                                                  layer6_out_4|       pointer|
|layer6_out_4_ap_vld  |  out|    1|      ap_vld|                                                  layer6_out_4|       pointer|
|layer6_out_5         |  out|    6|      ap_vld|                                                  layer6_out_5|       pointer|
|layer6_out_5_ap_vld  |  out|    1|      ap_vld|                                                  layer6_out_5|       pointer|
|layer6_out_6         |  out|    6|      ap_vld|                                                  layer6_out_6|       pointer|
|layer6_out_6_ap_vld  |  out|    1|      ap_vld|                                                  layer6_out_6|       pointer|
|layer6_out_7         |  out|    6|      ap_vld|                                                  layer6_out_7|       pointer|
|layer6_out_7_ap_vld  |  out|    1|      ap_vld|                                                  layer6_out_7|       pointer|
|layer6_out_8         |  out|    6|      ap_vld|                                                  layer6_out_8|       pointer|
|layer6_out_8_ap_vld  |  out|    1|      ap_vld|                                                  layer6_out_8|       pointer|
|layer6_out_9         |  out|    6|      ap_vld|                                                  layer6_out_9|       pointer|
|layer6_out_9_ap_vld  |  out|    1|      ap_vld|                                                  layer6_out_9|       pointer|
+---------------------+-----+-----+------------+--------------------------------------------------------------+--------------+

